=== RUN   TestPinnedAdapterAcknowledgesBeforeModelAndCapturesNativeWrite
    adapter_test.go:189: native write: 7 model attempts, 43 raw events, 11 steps, 12 captured outputs; final text {"text":"Created notes.md."}
--- PASS: TestPinnedAdapterAcknowledgesBeforeModelAndCapturesNativeWrite (1.57s)
=== RUN   TestPinnedAdapterCancellationRetainsFinalPrefix
    adapter_test.go:280: native cancel settled in 95.4595ms; final turn/end retained; per-run child joined
--- PASS: TestPinnedAdapterCancellationRetainsFinalPrefix (0.65s)
=== RUN   TestPinnedNativeApprovalAllowAndDeny
=== RUN   TestPinnedNativeApprovalAllowAndDeny/true
    adapter_test.go:425: native ask "escalate sandbox to danger-full-access: Write the isolated proof file." -> allowed-once; captured=true; run=done
=== RUN   TestPinnedNativeApprovalAllowAndDeny/false
    adapter_test.go:425: native ask "escalate sandbox to danger-full-access: Write the isolated proof file." -> rejected; captured=false; run=done
--- PASS: TestPinnedNativeApprovalAllowAndDeny (2.15s)
    --- PASS: TestPinnedNativeApprovalAllowAndDeny/true (1.02s)
    --- PASS: TestPinnedNativeApprovalAllowAndDeny/false (1.13s)
=== RUN   TestPinnedForceStopRestartsSupervisor
    adapter_test.go:528: owned child stopped; active run failed without replay; fresh serial successors completed; old workspace removed
--- PASS: TestPinnedForceStopRestartsSupervisor (2.58s)
=== RUN   TestPinnedCompositionDisablesBothOwnersWithoutLiveInstall
--- PASS: TestPinnedCompositionDisablesBothOwnersWithoutLiveInstall (0.03s)
=== RUN   TestPinned161ReadCanariesAndEphemeralWorkspace
    confine_native_test.go:167: native read/bash/Python denied host/home canaries; descriptor absent from subprocess and initial environment; captured output survived workspace deletion
--- PASS: TestPinned161ReadCanariesAndEphemeralWorkspace (1.48s)
=== RUN   TestPinned161InheritedProviderRefusesOtherPolicies
    confine_native_test.go:208: exact root accepted; missing outer marker and other policies refused

--- PASS: TestPinned161InheritedProviderRefusesOtherPolicies (0.04s)
=== RUN   Test161SandboxCanaries
    confine_test.go:154: tool-ok
        bash-ok
        python-ok

        node-ok

        https-ok
        canaries denied; workspace, tmp, tools, TLS and child cancellation passed

--- PASS: Test161SandboxCanaries (1.41s)
=== RUN   Test161LayoutGuard
--- PASS: Test161LayoutGuard (0.00s)
=== RUN   Test161PreflightDiagnostics
--- PASS: Test161PreflightDiagnostics (0.01s)
=== RUN   TestPinnedHarnessIPC
    harness_test.go:97: native harness: readiness healthy; model request over IPC; 17 session events; cancel settled
    harness_test.go:157: late cancelled reply ignored; successor model call and settlement on the same process
--- PASS: TestPinnedHarnessIPC (0.43s)
PASS
ok  	github.com/infercat/infercat/internal/agent	11.731s
